$TYPE som
$GRID_TOPOLOGY planar
$GRID_LAYOUT rectangular
$XDIM 26
$YDIM 26
$ZDIM 1
$VEC_DIM 36
$STORAGE_DATE 12/4/18 12:27 AM
$TRAINING_TIME 
$LEARNRATE_TYPE exponential
$LEARNRATE_INIT 0.75
$NEIGHBORHOOD_TYPE exponential
$NEIGHBORHOOD_INIT 12.0
$RAND_INIT 17
$ITERATIONS_TOTAL 32150
$NR_TRAINVEC_TOTAL 6430
$ADAPTIVE_COORDINATES_THRESHOLD 
$VEC_NORMALIZED false
$QUANTERROR_MAP 1367.073019179993
$QUANTERROR_VEC 0.212608556637635
$URL_TRAINING_VEC /Users/ilirosmanaj/Desktop/Google Drive/Data Science/11. Self-Organizing Systems/Assignments/SOM/somtoolbox/../som-exercise-1/data/6.Scaling/data/satimage_wrongly_rescaled.vec
$URL_TRAINING_VEC_DESCR 
$URL_WEIGHT_VEC /Users/ilirosmanaj/Desktop/Google Drive/Data Science/11. Self-Organizing Systems/Assignments/SOM/somtoolbox/../som-exercise-1/data/6.Scaling/./satimage_wrongly_scaled.wgt
$URL_QUANTERR_MAP 
$URL_MAPPED_INPUT_VEC 
$URL_MAPPED_INPUT_VEC_DESCR 
$URL_UNIT_DESCR /Users/ilirosmanaj/Desktop/Google Drive/Data Science/11. Self-Organizing Systems/Assignments/SOM/somtoolbox/../som-exercise-1/data/6.Scaling/./satimage_wrongly_scaled.unit
$URL_TEMPLATE_VECTOR /Users/ilirosmanaj/Desktop/Google Drive/Data Science/11. Self-Organizing Systems/Assignments/SOM/somtoolbox/../som-exercise-1/data/6.Scaling/data/satimage.tv
$URL_DATA_WINNER_MAPPING /Users/ilirosmanaj/Desktop/Google Drive/Data Science/11. Self-Organizing Systems/Assignments/SOM/somtoolbox/../som-exercise-1/data/6.Scaling/./satimage_wrongly_scaled.dwm
$URL_CLASS_INFO 
$URL_LABELS 
$METRIC at.tuwien.ifs.somtoolbox.layers.metrics.L2Metric
$LAYER_REVISION $Revision: 4300 $
$DESCRIPTION 
$AVAILABLE_VIS 
$DATA_TYPE unknown
$DATA_DIM 
