$TYPE som
$GRID_TOPOLOGY planar
$GRID_LAYOUT rectangular
$XDIM 26
$YDIM 26
$ZDIM 1
$VEC_DIM 36
$STORAGE_DATE 12/2/18 11:59 AM
$TRAINING_TIME 
$LEARNRATE_TYPE exponential
$LEARNRATE_INIT 0.75
$NEIGHBORHOOD_TYPE exponential
$NEIGHBORHOOD_INIT 4.0
$RAND_INIT 17
$ITERATIONS_TOTAL 32150
$NR_TRAINVEC_TOTAL 6430
$ADAPTIVE_COORDINATES_THRESHOLD 
$VEC_NORMALIZED false
$QUANTERROR_MAP 12.72090824367358
$QUANTERROR_VEC 0.0019783683116133097
$URL_TRAINING_VEC /Users/ilirosmanaj/Desktop/Google Drive/Data Science/11. Self-Organizing Systems/Assignments/SOM/somtoolbox/../som-exercise-1/data/4.Different_initial_neighborhood/1.Regular_SOM/1. Small Radius/data/satimage.vec
$URL_TRAINING_VEC_DESCR 
$URL_WEIGHT_VEC /Users/ilirosmanaj/Desktop/Google Drive/Data Science/11. Self-Organizing Systems/Assignments/SOM/somtoolbox/../som-exercise-1/data/4.Different_initial_neighborhood/1.Regular_SOM/1. Small Radius/./satimage_regsom_smallrad.wgt
$URL_QUANTERR_MAP 
$URL_MAPPED_INPUT_VEC 
$URL_MAPPED_INPUT_VEC_DESCR 
$URL_UNIT_DESCR /Users/ilirosmanaj/Desktop/Google Drive/Data Science/11. Self-Organizing Systems/Assignments/SOM/somtoolbox/../som-exercise-1/data/4.Different_initial_neighborhood/1.Regular_SOM/1. Small Radius/./satimage_regsom_smallrad.unit
$URL_TEMPLATE_VECTOR /Users/ilirosmanaj/Desktop/Google Drive/Data Science/11. Self-Organizing Systems/Assignments/SOM/somtoolbox/../som-exercise-1/data/4.Different_initial_neighborhood/1.Regular_SOM/1. Small Radius/data/satimage.tv
$URL_DATA_WINNER_MAPPING /Users/ilirosmanaj/Desktop/Google Drive/Data Science/11. Self-Organizing Systems/Assignments/SOM/somtoolbox/../som-exercise-1/data/4.Different_initial_neighborhood/1.Regular_SOM/1. Small Radius/./satimage_regsom_smallrad.dwm
$URL_CLASS_INFO 
$URL_LABELS 
$METRIC at.tuwien.ifs.somtoolbox.layers.metrics.L2Metric
$LAYER_REVISION $Revision: 4300 $
$DESCRIPTION 
$AVAILABLE_VIS 
$DATA_TYPE unknown
$DATA_DIM 
